// Jest Snapshot v1, https://goo.gl/fbAQLP

exports[`Category Component when component renders without crashing 1`] = `
ShallowWrapper {
  Symbol(enzyme.__root__): [Circular],
  Symbol(enzyme.__unrendered__): <Connect(Category)
    categories={Object {}}
    categoryId="react"
    posts={Object {}}
    store={
        Object {
            "clearActions": [Function],
            "dispatch": [Function],
            "getActions": [Function],
            "getState": [Function],
            "replaceReducer": [Function],
            "subscribe": [Function],
          }
    }
/>,
  Symbol(enzyme.__renderer__): Object {
    "batchedUpdates": [Function],
    "getNode": [Function],
    "render": [Function],
    "simulateEvent": [Function],
    "unmount": [Function],
  },
  Symbol(enzyme.__node__): Object {
    "instance": null,
    "key": undefined,
    "nodeType": "class",
    "props": Object {
      "categories": Object {
        "items": Array [
          Object {
            "name": "react",
            "path": "react",
          },
          Object {
            "name": "redux",
            "path": "redux",
          },
          Object {
            "name": "udacity",
            "path": "udacity",
          },
        ],
      },
      "categoryId": "react",
      "dispatch": [Function],
      "posts": Object {
        "didInvalidate": false,
        "isFetching": false,
        "items": Array [
          Object {
            "author": "thingtwo",
            "body": "Everyone says so after all.",
            "category": "react",
            "commentCount": 2,
            "deleted": false,
            "id": "8xf0y6ziyjabvozdd253nd",
            "timestamp": 1467166872634,
            "title": "Udacity is the best place to learn React",
            "voteScore": 6,
          },
          Object {
            "author": "thingone",
            "body": "Just kidding. It takes more than 10 minutes to learn technology.",
            "category": "redux",
            "commentCount": 0,
            "deleted": false,
            "id": "6ni6ok3ym7mf1p33lnez",
            "timestamp": 1468479767190,
            "title": "Learn Redux in 10 minutes!",
            "voteScore": -5,
          },
        ],
      },
      "store": Object {
        "clearActions": [Function],
        "dispatch": [Function],
        "getActions": [Function],
        "getState": [Function],
        "replaceReducer": [Function],
        "subscribe": [Function],
      },
      "storeSubscription": Subscription {
        "listeners": Object {
          "clear": [Function],
          "get": [Function],
          "notify": [Function],
          "subscribe": [Function],
        },
        "onStateChange": [Function],
        "parentSub": undefined,
        "store": Object {
          "clearActions": [Function],
          "dispatch": [Function],
          "getActions": [Function],
          "getState": [Function],
          "replaceReducer": [Function],
          "subscribe": [Function],
        },
        "unsubscribe": [Function],
      },
    },
    "ref": null,
    "rendered": null,
    "type": [Function],
  },
  Symbol(enzyme.__nodes__): Array [
    Object {
      "instance": null,
      "key": undefined,
      "nodeType": "class",
      "props": Object {
        "categories": Object {
          "items": Array [
            Object {
              "name": "react",
              "path": "react",
            },
            Object {
              "name": "redux",
              "path": "redux",
            },
            Object {
              "name": "udacity",
              "path": "udacity",
            },
          ],
        },
        "categoryId": "react",
        "dispatch": [Function],
        "posts": Object {
          "didInvalidate": false,
          "isFetching": false,
          "items": Array [
            Object {
              "author": "thingtwo",
              "body": "Everyone says so after all.",
              "category": "react",
              "commentCount": 2,
              "deleted": false,
              "id": "8xf0y6ziyjabvozdd253nd",
              "timestamp": 1467166872634,
              "title": "Udacity is the best place to learn React",
              "voteScore": 6,
            },
            Object {
              "author": "thingone",
              "body": "Just kidding. It takes more than 10 minutes to learn technology.",
              "category": "redux",
              "commentCount": 0,
              "deleted": false,
              "id": "6ni6ok3ym7mf1p33lnez",
              "timestamp": 1468479767190,
              "title": "Learn Redux in 10 minutes!",
              "voteScore": -5,
            },
          ],
        },
        "store": Object {
          "clearActions": [Function],
          "dispatch": [Function],
          "getActions": [Function],
          "getState": [Function],
          "replaceReducer": [Function],
          "subscribe": [Function],
        },
        "storeSubscription": Subscription {
          "listeners": Object {
            "clear": [Function],
            "get": [Function],
            "notify": [Function],
            "subscribe": [Function],
          },
          "onStateChange": [Function],
          "parentSub": undefined,
          "store": Object {
            "clearActions": [Function],
            "dispatch": [Function],
            "getActions": [Function],
            "getState": [Function],
            "replaceReducer": [Function],
            "subscribe": [Function],
          },
          "unsubscribe": [Function],
        },
      },
      "ref": null,
      "rendered": null,
      "type": [Function],
    },
  ],
  Symbol(enzyme.__options__): Object {
    "adapter": ReactSixteenAdapter {
      "options": Object {
        "enableComponentDidUpdateOnSetState": true,
        "lifecycles": Object {
          "componentDidUpdate": Object {
            "onSetState": true,
          },
          "getDerivedStateFromProps": true,
          "getSnapshotBeforeUpdate": true,
          "setState": Object {
            "skipsComponentDidUpdateOnNullish": true,
          },
        },
      },
    },
    "attachTo": undefined,
    "hydrateIn": undefined,
  },
}
`;
